Info: Starting: Create simulation model
Info: qsys-generate C:\intelFPGA_lite\20.1\VLSI\clk_gater_ALTCLKCTRL.qsys --simulation=VERILOG --allow-mixed-language-simulation --output-directory=C:\intelFPGA_lite\20.1\VLSI\clk_gater_ALTCLKCTRL\simulation --family="Cyclone IV E" --part=EP4CE115F29C7
Progress: Loading VLSI/clk_gater_ALTCLKCTRL.qsys
Progress: Reading input file
Progress: Adding altclkctrl_0 [altclkctrl 20.1]
Progress: Parameterizing module altclkctrl_0
Progress: Building connections
Progress: Parameterizing connections
Progress: Validating
Progress: Done reading input file
: clk_gater_ALTCLKCTRL.altclkctrl_0: Targeting device family: Cyclone IV E.
: clk_gater_ALTCLKCTRL.altclkctrl_0: Global clock network allows a clock signal to reach all parts of the chip with the same amount of skew. Input port 'clkselect' can be used to switch between four clock inputs.
Info: clk_gater_ALTCLKCTRL: Generating clk_gater_ALTCLKCTRL "clk_gater_ALTCLKCTRL" for SIM_VERILOG
Info: altclkctrl_0: Generating top-level entity clk_gater_ALTCLKCTRL_altclkctrl_0.
Info: altclkctrl_0: "clk_gater_ALTCLKCTRL" instantiated altclkctrl "altclkctrl_0"
Info: clk_gater_ALTCLKCTRL: Done "clk_gater_ALTCLKCTRL" with 2 modules, 2 files
Info: qsys-generate succeeded.
Info: Finished: Create simulation model
Info: Starting: Create Modelsim Project.
Info: sim-script-gen --spd=C:\intelFPGA_lite\20.1\VLSI\clk_gater_ALTCLKCTRL\clk_gater_ALTCLKCTRL.spd --output-directory=C:/intelFPGA_lite/20.1/VLSI/clk_gater_ALTCLKCTRL/simulation/ --use-relative-paths=true
Info: Doing: ip-make-simscript --spd=C:\intelFPGA_lite\20.1\VLSI\clk_gater_ALTCLKCTRL\clk_gater_ALTCLKCTRL.spd --output-directory=C:/intelFPGA_lite/20.1/VLSI/clk_gater_ALTCLKCTRL/simulation/ --use-relative-paths=true
Info: Generating the following file(s) for MODELSIM simulator in C:/intelFPGA_lite/20.1/VLSI/clk_gater_ALTCLKCTRL/simulation/ directory:
Info: 	mentor/msim_setup.tcl
Info: Generating the following file(s) for VCS simulator in C:/intelFPGA_lite/20.1/VLSI/clk_gater_ALTCLKCTRL/simulation/ directory:
Info: 	synopsys/vcs/vcs_setup.sh
Info: Generating the following file(s) for VCSMX simulator in C:/intelFPGA_lite/20.1/VLSI/clk_gater_ALTCLKCTRL/simulation/ directory:
Info: 	synopsys/vcsmx/synopsys_sim.setup
Info: 	synopsys/vcsmx/vcsmx_setup.sh
Info: Generating the following file(s) for NCSIM simulator in C:/intelFPGA_lite/20.1/VLSI/clk_gater_ALTCLKCTRL/simulation/ directory:
Info: 	cadence/cds.lib
Info: 	cadence/hdl.var
Info: 	cadence/ncsim_setup.sh
Info: 	1 .cds.lib files in cadence/cds_libs/ directory
Info: Generating the following file(s) for RIVIERA simulator in C:/intelFPGA_lite/20.1/VLSI/clk_gater_ALTCLKCTRL/simulation/ directory:
Info: 	aldec/rivierapro_setup.tcl
Info: For information on how to simulate your IP, see the explanatory comments in the simulator-specific subdirectories under C:/intelFPGA_lite/20.1/VLSI/clk_gater_ALTCLKCTRL/simulation/.
Info: Regenerate these scripts whenever you make any change to any Quartus-generated IP in your project.
Info: Finished: Create Modelsim Project.
Info: Starting: Create block symbol file (.bsf)
Info: qsys-generate C:\intelFPGA_lite\20.1\VLSI\clk_gater_ALTCLKCTRL.qsys --block-symbol-file --output-directory=C:\intelFPGA_lite\20.1\VLSI\clk_gater_ALTCLKCTRL --family="Cyclone IV E" --part=EP4CE115F29C7
Progress: Loading VLSI/clk_gater_ALTCLKCTRL.qsys
Progress: Reading input file
Progress: Adding altclkctrl_0 [altclkctrl 20.1]
Progress: Parameterizing module altclkctrl_0
Progress: Building connections
Progress: Parameterizing connections
Progress: Validating
Progress: Done reading input file
: clk_gater_ALTCLKCTRL.altclkctrl_0: Targeting device family: Cyclone IV E.
: clk_gater_ALTCLKCTRL.altclkctrl_0: Global clock network allows a clock signal to reach all parts of the chip with the same amount of skew. Input port 'clkselect' can be used to switch between four clock inputs.
Info: qsys-generate succeeded.
Info: Finished: Create block symbol file (.bsf)
Info: 
Info: Starting: Create HDL design files for synthesis
Info: qsys-generate C:\intelFPGA_lite\20.1\VLSI\clk_gater_ALTCLKCTRL.qsys --synthesis=VERILOG --output-directory=C:\intelFPGA_lite\20.1\VLSI\clk_gater_ALTCLKCTRL\synthesis --family="Cyclone IV E" --part=EP4CE115F29C7
Progress: Loading VLSI/clk_gater_ALTCLKCTRL.qsys
Progress: Reading input file
Progress: Adding altclkctrl_0 [altclkctrl 20.1]
Progress: Parameterizing module altclkctrl_0
Progress: Building connections
Progress: Parameterizing connections
Progress: Validating
Progress: Done reading input file
: clk_gater_ALTCLKCTRL.altclkctrl_0: Targeting device family: Cyclone IV E.
: clk_gater_ALTCLKCTRL.altclkctrl_0: Global clock network allows a clock signal to reach all parts of the chip with the same amount of skew. Input port 'clkselect' can be used to switch between four clock inputs.
Info: clk_gater_ALTCLKCTRL: Generating clk_gater_ALTCLKCTRL "clk_gater_ALTCLKCTRL" for QUARTUS_SYNTH
Info: altclkctrl_0: Generating top-level entity clk_gater_ALTCLKCTRL_altclkctrl_0.
Info: altclkctrl_0: "clk_gater_ALTCLKCTRL" instantiated altclkctrl "altclkctrl_0"
Info: clk_gater_ALTCLKCTRL: Done "clk_gater_ALTCLKCTRL" with 2 modules, 2 files
Info: qsys-generate succeeded.
Info: Finished: Create HDL design files for synthesis
