Flow report for FIFO_Toplvl
Tue Jun 30 18:32:26 2026
Quartus Prime Version 20.1.1 Build 720 11/11/2020 SJ Lite Edition


---------------------
; Table of Contents ;
---------------------
  1. EDA Netlist Writer Summary
  2. Legal Notice
  3. Flow Summary
  4. Flow Settings
  5. Flow Non-Default Global Settings
  6. Flow Elapsed Time
  7. Flow OS Summary
  8. Flow Log
  9. Flow Messages
 10. Flow Suppressed Messages



+-------------------------------------------------------------------+
; EDA Netlist Writer Summary                                        ;
+---------------------------+---------------------------------------+
; EDA Netlist Writer Status ; Successful - Tue Jun 30 18:32:26 2026 ;
; Revision Name             ; FIFO_Toplvl                           ;
; Top-level Entity Name     ; system_top                            ;
; Family                    ; Cyclone IV E                          ;
; Simulation Files Creation ; Successful                            ;
+---------------------------+---------------------------------------+


----------------
; Legal Notice ;
----------------
Copyright (C) 2020  Intel Corporation. All rights reserved.
Your use of Intel Corporation's design tools, logic functions 
and other software and tools, and any partner logic 
functions, and any output files from any of the foregoing 
(including device programming or simulation files), and any 
associated documentation or information are expressly subject 
to the terms and conditions of the Intel Program License 
Subscription Agreement, the Intel Quartus Prime License Agreement,
the Intel FPGA IP License Agreement, or other applicable license
agreement, including, without limitation, that your use is for
the sole purpose of programming logic devices manufactured by
Intel and sold by Intel or its authorized distributors.  Please
refer to the applicable agreement for further details, at
https://fpgasoftware.intel.com/eula.



+----------------------------------------------------------------------------------+
; Flow Summary                                                                     ;
+------------------------------------+---------------------------------------------+
; Flow Status                        ; Successful - Tue Jun 30 18:32:26 2026       ;
; Quartus Prime Version              ; 20.1.1 Build 720 11/11/2020 SJ Lite Edition ;
; Revision Name                      ; FIFO_Toplvl                                 ;
; Top-level Entity Name              ; system_top                                  ;
; Family                             ; Cyclone IV E                                ;
; Device                             ; EP4CE115F29C7                               ;
; Timing Models                      ; Final                                       ;
; Total logic elements               ; 197 / 114,480 ( < 1 % )                     ;
;     Total combinational functions  ; 167 / 114,480 ( < 1 % )                     ;
;     Dedicated logic registers      ; 146 / 114,480 ( < 1 % )                     ;
; Total registers                    ; 146                                         ;
; Total pins                         ; 16 / 529 ( 3 % )                            ;
; Total virtual pins                 ; 0                                           ;
; Total memory bits                  ; 384 / 3,981,312 ( < 1 % )                   ;
; Embedded Multiplier 9-bit elements ; 0 / 532 ( 0 % )                             ;
; Total PLLs                         ; 0 / 4 ( 0 % )                               ;
+------------------------------------+---------------------------------------------+


+-----------------------------------------+
; Flow Settings                           ;
+-------------------+---------------------+
; Option            ; Setting             ;
+-------------------+---------------------+
; Start date & time ; 06/30/2026 18:31:41 ;
; Main task         ; Compilation         ;
; Revision Name     ; FIFO_Toplvl         ;
+-------------------+---------------------+


+-----------------------------------------------------------------------------------------------------------------------------------------------------------------------------+
; Flow Non-Default Global Settings                                                                                                                                            ;
+--------------------------------------------+------------------------------------------------------------------------+---------------+----------------------+----------------+
; Assignment Name                            ; Value                                                                  ; Default Value ; Entity Name          ; Section Id     ;
+--------------------------------------------+------------------------------------------------------------------------+---------------+----------------------+----------------+
; COMPILER_SIGNATURE_ID                      ; 51249035334615.178283350151364                                         ; --            ; --                   ; --             ;
; EDA_GENERATE_RTL_SIMULATION_COMMAND_SCRIPT ; On                                                                     ; --            ; --                   ; eda_simulation ;
; EDA_OUTPUT_DATA_FORMAT                     ; Verilog Hdl                                                            ; --            ; --                   ; eda_simulation ;
; EDA_SIMULATION_TOOL                        ; ModelSim-Altera (Verilog)                                              ; <None>        ; --                   ; --             ;
; EDA_TIME_SCALE                             ; 1 ps                                                                   ; --            ; --                   ; eda_simulation ;
; MAX_CORE_JUNCTION_TEMP                     ; 85                                                                     ; --            ; --                   ; --             ;
; MIN_CORE_JUNCTION_TEMP                     ; 0                                                                      ; --            ; --                   ; --             ;
; MISC_FILE                                  ; clk_gater_ALTCLKCTRL/synthesis/../clk_gater_ALTCLKCTRL.cmp             ; --            ; --                   ; --             ;
; MISC_FILE                                  ; clk_gater_ALTCLKCTRL/synthesis/../../clk_gater_ALTCLKCTRL.qsys         ; --            ; --                   ; --             ;
; NOMINAL_CORE_SUPPLY_VOLTAGE                ; 1.2V                                                                   ; --            ; --                   ; --             ;
; PARTITION_COLOR                            ; -- (Not supported for targeted family)                                 ; --            ; system_top           ; Top            ;
; PARTITION_FITTER_PRESERVATION_LEVEL        ; -- (Not supported for targeted family)                                 ; --            ; system_top           ; Top            ;
; PARTITION_NETLIST_TYPE                     ; -- (Not supported for targeted family)                                 ; --            ; system_top           ; Top            ;
; POWER_BOARD_THERMAL_MODEL                  ; None (CONSERVATIVE)                                                    ; --            ; --                   ; --             ;
; POWER_PRESET_COOLING_SOLUTION              ; 23 MM HEAT SINK WITH 200 LFPM AIRFLOW                                  ; --            ; --                   ; --             ;
; PROJECT_OUTPUT_DIRECTORY                   ; output_files                                                           ; --            ; --                   ; --             ;
; SLD_FILE                                   ; clk_gater_ALTCLKCTRL/synthesis/clk_gater_ALTCLKCTRL.debuginfo          ; --            ; --                   ; --             ;
; SLD_INFO                                   ; QSYS_NAME clk_gater_ALTCLKCTRL HAS_SOPCINFO 1 GENERATION_ID 1782649071 ; --            ; clk_gater_ALTCLKCTRL ; --             ;
; SOPCINFO_FILE                              ; clk_gater_ALTCLKCTRL/synthesis/../../clk_gater_ALTCLKCTRL.sopcinfo     ; --            ; --                   ; --             ;
; SYNTHESIS_ONLY_QIP                         ; On                                                                     ; --            ; --                   ; --             ;
; TOP_LEVEL_ENTITY                           ; system_top                                                             ; FIFO_Toplvl   ; --                   ; --             ;
+--------------------------------------------+------------------------------------------------------------------------+---------------+----------------------+----------------+


+--------------------------------------------------------------------------------------------------------------------------+
; Flow Elapsed Time                                                                                                        ;
+----------------------+--------------+-------------------------+---------------------+------------------------------------+
; Module Name          ; Elapsed Time ; Average Processors Used ; Peak Virtual Memory ; Total CPU Time (on all processors) ;
+----------------------+--------------+-------------------------+---------------------+------------------------------------+
; Analysis & Synthesis ; 00:00:11     ; 1.0                     ; 4847 MB             ; 00:00:26                           ;
; Fitter               ; 00:00:21     ; 1.0                     ; 6713 MB             ; 00:00:35                           ;
; Assembler            ; 00:00:05     ; 1.0                     ; 4694 MB             ; 00:00:04                           ;
; Timing Analyzer      ; 00:00:02     ; 1.1                     ; 4994 MB             ; 00:00:03                           ;
; EDA Netlist Writer   ; 00:00:03     ; 1.0                     ; 4656 MB             ; 00:00:02                           ;
; Total                ; 00:00:42     ; --                      ; --                  ; 00:01:10                           ;
+----------------------+--------------+-------------------------+---------------------+------------------------------------+


+------------------------------------------------------------------------------------+
; Flow OS Summary                                                                    ;
+----------------------+------------------+------------+------------+----------------+
; Module Name          ; Machine Hostname ; OS Name    ; OS Version ; Processor type ;
+----------------------+------------------+------------+------------+----------------+
; Analysis & Synthesis ; Zika_TUF_A14     ; Windows 10 ; 10.0       ; x86_64         ;
; Fitter               ; Zika_TUF_A14     ; Windows 10 ; 10.0       ; x86_64         ;
; Assembler            ; Zika_TUF_A14     ; Windows 10 ; 10.0       ; x86_64         ;
; Timing Analyzer      ; Zika_TUF_A14     ; Windows 10 ; 10.0       ; x86_64         ;
; EDA Netlist Writer   ; Zika_TUF_A14     ; Windows 10 ; 10.0       ; x86_64         ;
+----------------------+------------------+------------+------------+----------------+


------------
; Flow Log ;
------------
quartus_map --read_settings_files=on --write_settings_files=off FIFO_Toplvl -c FIFO_Toplvl
quartus_fit --read_settings_files=off --write_settings_files=off FIFO_Toplvl -c FIFO_Toplvl
quartus_asm --read_settings_files=off --write_settings_files=off FIFO_Toplvl -c FIFO_Toplvl
quartus_sta FIFO_Toplvl -c FIFO_Toplvl
quartus_eda --read_settings_files=off --write_settings_files=off FIFO_Toplvl -c FIFO_Toplvl



