------------------------------------------------------------
Timing Analyzer Summary
------------------------------------------------------------

Type  : Slow 1200mV 85C Model Setup 'clk_fast'
Slack : -4.125
TNS   : -133.714

Type  : Slow 1200mV 85C Model Setup 'clk_slow'
Slack : -3.608
TNS   : -105.951

Type  : Slow 1200mV 85C Model Hold 'clk_slow'
Slack : 0.369
TNS   : 0.000

Type  : Slow 1200mV 85C Model Hold 'clk_fast'
Slack : 0.402
TNS   : 0.000

Type  : Slow 1200mV 85C Model Minimum Pulse Width 'clk_fast'
Slack : -3.000
TNS   : -121.589

Type  : Slow 1200mV 85C Model Minimum Pulse Width 'clk_slow'
Slack : -3.000
TNS   : -82.793

Type  : Slow 1200mV 0C Model Setup 'clk_fast'
Slack : -3.627
TNS   : -115.561

Type  : Slow 1200mV 0C Model Setup 'clk_slow'
Slack : -3.190
TNS   : -90.994

Type  : Slow 1200mV 0C Model Hold 'clk_slow'
Slack : 0.339
TNS   : 0.000

Type  : Slow 1200mV 0C Model Hold 'clk_fast'
Slack : 0.353
TNS   : 0.000

Type  : Slow 1200mV 0C Model Minimum Pulse Width 'clk_fast'
Slack : -3.000
TNS   : -121.457

Type  : Slow 1200mV 0C Model Minimum Pulse Width 'clk_slow'
Slack : -3.000
TNS   : -82.749

Type  : Fast 1200mV 0C Model Setup 'clk_fast'
Slack : -1.538
TNS   : -37.529

Type  : Fast 1200mV 0C Model Setup 'clk_slow'
Slack : -1.056
TNS   : -24.957

Type  : Fast 1200mV 0C Model Hold 'clk_slow'
Slack : 0.140
TNS   : 0.000

Type  : Fast 1200mV 0C Model Hold 'clk_fast'
Slack : 0.176
TNS   : 0.000

Type  : Fast 1200mV 0C Model Minimum Pulse Width 'clk_fast'
Slack : -3.000
TNS   : -97.990

Type  : Fast 1200mV 0C Model Minimum Pulse Width 'clk_slow'
Slack : -3.000
TNS   : -67.848

------------------------------------------------------------
